insightforge.exe : usage: insightforge [-h] {run} ...
所在位置 行:1 字符: 94
+ ... ONUTF8="1"; & "C:\Users\raind\miniconda3\envs\insightforge\Scripts\in ...
+                 ~~~~~~~~~~~~~~~~~~~~~~~~~~~~~~~~~~~~~~~~~~~~~~~~~~~~~~~~~
    + CategoryInfo          : NotSpecified: (usage: insightforge [-h] {run} ...:String) [], RemoteException
    + FullyQualifiedErrorId : NativeCommandError
 
insightforge: error: unrecognized arguments: --verbose
